// Jest Snapshot v1, https://goo.gl/fbAQLP

exports[`Courses Content should render CoursesContent in loading state correctly 1`] = `
<div
  className="courses-container"
  data-role="courses-container"
>
  <div
    className="courses-container bsb-loader-container"
    data-role="courses-container"
  >
    <div
      className="bsb-loader"
    >
      <div
        className="loader-wrapper"
      >
        <div
          className="spinner"
        >
          <i
            className="icon icon-spinner icon-spin icon-large"
          />
        </div>
      </div>
    </div>
  </div>
</div>
`;

exports[`Courses Content should render CoursesContent with data correctly 1`] = `
<div
  className="courses-container"
  data-role="courses-container"
>
  <div
    className="search-info"
  >
    <div
      className="search-results"
    >
      Search results for '
      '
    </div>
  </div>
  <div
    className="courses courses-list ui-sortable"
  >
    <Component
      backend={[Function]}
    >
      <DropTarget(DragSource(CoursesPresentationItem))
        active={true}
        canDrag={false}
        comments={false}
        courseItemComments={false}
        coverDescription="Test Course 1 cover desctiption"
        coverPhotoUrl="https://cdn.filestackcontent.com/9HnjTksSpyenARCxXMxg"
        currency="usd"
        description={null}
        endDate="2019-03-27"
        expiration={
          Object {
            "id": "3",
            "type": "expiration",
          }
        }
        featured={true}
        fullsizeCoverPhotoUrl="https://cdn.filestackcontent.com/wSqPHkBmRryI2YgTZLxF"
        id="14"
        index={0}
        isAdmin={false}
        key="14"
        moveCard={[Function]}
        name="Test Course 1"
        position={0}
        resizedCoverPhotoUrl="https://cdn.filestackcontent.com/9HnjTksSpyenARCxXMxg/convert?align=left&cache=true&fit=crop&format=jpeg&h=152&quality=100&w=320"
        searchKeywords="quiz, first"
        sellableItems={
          Array [
            Object {
              "id": "10",
              "type": "sellableItem",
            },
          ]
        }
        showProgress={true}
        slug="test"
        startDate="2019-03-13"
        statuses={
          Object {
            "purchase": "unpaid",
          }
        }
      />
      <DropTarget(DragSource(CoursesPresentationItem))
        active={true}
        canDrag={false}
        comments={false}
        courseItemComments={false}
        coverDescription="Test Course 1 cover desctiption"
        coverPhotoUrl="https://cdn.filestackcontent.com/9HnjTksSpyenARCxXMxg"
        currency="usd"
        description={null}
        endDate="2019-04-03"
        expiration={
          Object {
            "id": "4",
            "type": "expiration",
          }
        }
        featured={true}
        fullsizeCoverPhotoUrl="https://cdn.filestackcontent.com/wSqPHkBmRryI2YgTZLxF"
        id="15"
        index={1}
        isAdmin={false}
        key="15"
        moveCard={[Function]}
        name="Test Course 2"
        position={1}
        resizedCoverPhotoUrl="https://cdn.filestackcontent.com/9HnjTksSpyenARCxXMxg/convert?align=left&cache=true&fit=crop&format=jpeg&h=152&quality=100&w=320"
        searchKeywords="quiz, first"
        sellableItems={
          Array [
            Object {
              "id": "11",
              "type": "sellableItem",
            },
          ]
        }
        showProgress={true}
        slug="test"
        startDate="2019-03-24"
        statuses={
          Object {
            "purchase": "unpaid",
          }
        }
      />
    </Component>
  </div>
</div>
`;

exports[`Courses Content should render CoursesContent without data correctly 1`] = `
<div
  className="courses-container"
  data-role="courses-container"
>
  <div
    className="search-info"
  >
    <div
      className="search-results"
    >
      Search results for '
      '
    </div>
  </div>
  <div
    className="courses courses-list ui-sortable"
  >
    <Component
      backend={[Function]}
    />
  </div>
</div>
`;
