// Jest Snapshot v1, https://goo.gl/fbAQLP

exports[`Courses Presentation Item should render CoursesPresentationItem with all data correctly 1`] = `
<ContextConsumer>
  <Component />
</ContextConsumer>
`;

exports[`Courses Presentation Item should render CoursesPresentationItem with minimum data correctly 1`] = `
<ContextConsumer>
  <Component />
</ContextConsumer>
`;
